<?xml version="1.0"?>
<LandscapeTypeCollection xmlns:xsi="http://www.w3.org/2001/XMLSchema-instance" xmlns:xsd="http://www.w3.org/2001/XMLSchema">
	<Collection>
		<LandscapeType>None</LandscapeType>
		<LandscapeType>None</LandscapeType>
		<LandscapeType>None</LandscapeType>
		<LandscapeType>Water</LandscapeType>
		<LandscapeType>Water</LandscapeType>
		<LandscapeType>Water</LandscapeType>
		<LandscapeType>None</LandscapeType>
		<LandscapeType>None</LandscapeType>
		<LandscapeType>None</LandscapeType>
		<LandscapeType>None</LandscapeType>
		<LandscapeType>None</LandscapeType>
		<LandscapeType>None</LandscapeType>
		<LandscapeType>None</LandscapeType>
		<LandscapeType>Concrete</LandscapeType>
		<LandscapeType>None</LandscapeType>
		<LandscapeType>None</LandscapeType>
		<LandscapeType>None</LandscapeType>
		<LandscapeType>None</LandscapeType>
		<LandscapeType>None</LandscapeType>
		<LandscapeType>Water</LandscapeType>
		<LandscapeType>Water</LandscapeType>
		<LandscapeType>Water</LandscapeType>
		<LandscapeType>None</LandscapeType>
		<LandscapeType>None</LandscapeType>
		<LandscapeType>None</LandscapeType>
		<LandscapeType>None</LandscapeType>
		<LandscapeType>None</LandscapeType>
		<LandscapeType>None</LandscapeType>
		<LandscapeType>None</LandscapeType>
		<LandscapeType>Concrete</LandscapeType>
		<LandscapeType>None</LandscapeType>
		<LandscapeType>None</LandscapeType>
		<LandscapeType>None</LandscapeType>
		<LandscapeType>None</LandscapeType>
		<LandscapeType>None</LandscapeType>
		<LandscapeType>Water</LandscapeType>
		<LandscapeType>Water</LandscapeType>
		<LandscapeType>Water</LandscapeType>
		<LandscapeType>None</LandscapeType>
		<LandscapeType>None</LandscapeType>
		<LandscapeType>None</LandscapeType>
		<LandscapeType>None</LandscapeType>
		<LandscapeType>None</LandscapeType>
		<LandscapeType>None</LandscapeType>
		<LandscapeType>None</LandscapeType>
		<LandscapeType>Concrete</LandscapeType>
		<LandscapeType>None</LandscapeType>
		<LandscapeType>None</LandscapeType>
		<LandscapeType>None</LandscapeType>
		<LandscapeType>None</LandscapeType>
		<LandscapeType>None</LandscapeType>
		<LandscapeType>Water</LandscapeType>
		<LandscapeType>Water</LandscapeType>
		<LandscapeType>Water</LandscapeType>
		<LandscapeType>None</LandscapeType>
		<LandscapeType>None</LandscapeType>
		<LandscapeType>None</LandscapeType>
		<LandscapeType>None</LandscapeType>
		<LandscapeType>Concrete</LandscapeType>
		<LandscapeType>None</LandscapeType>
		<LandscapeType>None</LandscapeType>
		<LandscapeType>Concrete</LandscapeType>
		<LandscapeType>None</LandscapeType>
		<LandscapeType>None</LandscapeType>
		<LandscapeType>None</LandscapeType>
		<LandscapeType>None</LandscapeType>
		<LandscapeType>None</LandscapeType>
		<LandscapeType>Water</LandscapeType>
		<LandscapeType>Water</LandscapeType>
		<LandscapeType>Water</LandscapeType>
		<LandscapeType>None</LandscapeType>
		<LandscapeType>None</LandscapeType>
		<LandscapeType>None</LandscapeType>
		<LandscapeType>None</LandscapeType>
		<LandscapeType>Concrete</LandscapeType>
		<LandscapeType>None</LandscapeType>
		<LandscapeType>None</LandscapeType>
		<LandscapeType>Concrete</LandscapeType>
		<LandscapeType>None</LandscapeType>
		<LandscapeType>None</LandscapeType>
		<LandscapeType>None</LandscapeType>
		<LandscapeType>None</LandscapeType>
		<LandscapeType>None</LandscapeType>
		<LandscapeType>Water</LandscapeType>
		<LandscapeType>Water</LandscapeType>
		<LandscapeType>Water</LandscapeType>
		<LandscapeType>Forest</LandscapeType>
		<LandscapeType>None</LandscapeType>
		<LandscapeType>None</LandscapeType>
		<LandscapeType>None</LandscapeType>
		<LandscapeType>Concrete</LandscapeType>
		<LandscapeType>None</LandscapeType>
		<LandscapeType>None</LandscapeType>
		<LandscapeType>None</LandscapeType>
		<LandscapeType>None</LandscapeType>
		<LandscapeType>None</LandscapeType>
		<LandscapeType>None</LandscapeType>
		<LandscapeType>None</LandscapeType>
		<LandscapeType>None</LandscapeType>
		<LandscapeType>Water</LandscapeType>
		<LandscapeType>Water</LandscapeType>
		<LandscapeType>Water</LandscapeType>
		<LandscapeType>Forest</LandscapeType>
		<LandscapeType>None</LandscapeType>
		<LandscapeType>None</LandscapeType>
		<LandscapeType>None</LandscapeType>
		<LandscapeType>Concrete</LandscapeType>
		<LandscapeType>None</LandscapeType>
		<LandscapeType>None</LandscapeType>
		<LandscapeType>None</LandscapeType>
		<LandscapeType>Brick</LandscapeType>
		<LandscapeType>Brick</LandscapeType>
		<LandscapeType>None</LandscapeType>
		<LandscapeType>None</LandscapeType>
		<LandscapeType>None</LandscapeType>
		<LandscapeType>Water</LandscapeType>
		<LandscapeType>Water</LandscapeType>
		<LandscapeType>Water</LandscapeType>
		<LandscapeType>Forest</LandscapeType>
		<LandscapeType>None</LandscapeType>
		<LandscapeType>None</LandscapeType>
		<LandscapeType>None</LandscapeType>
		<LandscapeType>Concrete</LandscapeType>
		<LandscapeType>None</LandscapeType>
		<LandscapeType>None</LandscapeType>
		<LandscapeType>None</LandscapeType>
		<LandscapeType>Brick</LandscapeType>
		<LandscapeType>Base</LandscapeType>
		<LandscapeType>None</LandscapeType>
		<LandscapeType>None</LandscapeType>
		<LandscapeType>None</LandscapeType>
		<LandscapeType>None</LandscapeType>
		<LandscapeType>None</LandscapeType>
		<LandscapeType>None</LandscapeType>
		<LandscapeType>Forest</LandscapeType>
		<LandscapeType>None</LandscapeType>
		<LandscapeType>None</LandscapeType>
		<LandscapeType>None</LandscapeType>
		<LandscapeType>Concrete</LandscapeType>
		<LandscapeType>None</LandscapeType>
		<LandscapeType>None</LandscapeType>
		<LandscapeType>None</LandscapeType>
		<LandscapeType>Brick</LandscapeType>
		<LandscapeType>Brick</LandscapeType>
		<LandscapeType>None</LandscapeType>
		<LandscapeType>None</LandscapeType>
		<LandscapeType>None</LandscapeType>
		<LandscapeType>None</LandscapeType>
		<LandscapeType>None</LandscapeType>
		<LandscapeType>None</LandscapeType>
		<LandscapeType>Forest</LandscapeType>
		<LandscapeType>None</LandscapeType>
		<LandscapeType>None</LandscapeType>
		<LandscapeType>None</LandscapeType>
		<LandscapeType>Concrete</LandscapeType>
		<LandscapeType>None</LandscapeType>
		<LandscapeType>None</LandscapeType>
		<LandscapeType>None</LandscapeType>
		<LandscapeType>None</LandscapeType>
		<LandscapeType>None</LandscapeType>
		<LandscapeType>None</LandscapeType>
		<LandscapeType>None</LandscapeType>
		<LandscapeType>None</LandscapeType>
		<LandscapeType>None</LandscapeType>
		<LandscapeType>None</LandscapeType>
		<LandscapeType>None</LandscapeType>
		<LandscapeType>Forest</LandscapeType>
		<LandscapeType>None</LandscapeType>
		<LandscapeType>None</LandscapeType>
		<LandscapeType>None</LandscapeType>
		<LandscapeType>Concrete</LandscapeType>
		<LandscapeType>None</LandscapeType>
		<LandscapeType>None</LandscapeType>
		<LandscapeType>Concrete</LandscapeType>
		<LandscapeType>None</LandscapeType>
		<LandscapeType>None</LandscapeType>
		<LandscapeType>None</LandscapeType>
		<LandscapeType>None</LandscapeType>
		<LandscapeType>None</LandscapeType>
		<LandscapeType>Water</LandscapeType>
		<LandscapeType>Water</LandscapeType>
		<LandscapeType>Water</LandscapeType>
		<LandscapeType>Forest</LandscapeType>
		<LandscapeType>None</LandscapeType>
		<LandscapeType>None</LandscapeType>
		<LandscapeType>None</LandscapeType>
		<LandscapeType>Concrete</LandscapeType>
		<LandscapeType>None</LandscapeType>
		<LandscapeType>None</LandscapeType>
		<LandscapeType>Concrete</LandscapeType>
		<LandscapeType>None</LandscapeType>
		<LandscapeType>None</LandscapeType>
		<LandscapeType>None</LandscapeType>
		<LandscapeType>None</LandscapeType>
		<LandscapeType>None</LandscapeType>
		<LandscapeType>Water</LandscapeType>
		<LandscapeType>Water</LandscapeType>
		<LandscapeType>Water</LandscapeType>
		<LandscapeType>None</LandscapeType>
		<LandscapeType>None</LandscapeType>
		<LandscapeType>None</LandscapeType>
		<LandscapeType>None</LandscapeType>
		<LandscapeType>None</LandscapeType>
		<LandscapeType>None</LandscapeType>
		<LandscapeType>None</LandscapeType>
		<LandscapeType>Concrete</LandscapeType>
		<LandscapeType>None</LandscapeType>
		<LandscapeType>None</LandscapeType>
		<LandscapeType>None</LandscapeType>
		<LandscapeType>None</LandscapeType>
		<LandscapeType>None</LandscapeType>
		<LandscapeType>Water</LandscapeType>
		<LandscapeType>Water</LandscapeType>
		<LandscapeType>Water</LandscapeType>
		<LandscapeType>None</LandscapeType>
		<LandscapeType>None</LandscapeType>
		<LandscapeType>None</LandscapeType>
		<LandscapeType>None</LandscapeType>
		<LandscapeType>None</LandscapeType>
		<LandscapeType>None</LandscapeType>
		<LandscapeType>None</LandscapeType>
		<LandscapeType>Concrete</LandscapeType>
		<LandscapeType>None</LandscapeType>
		<LandscapeType>None</LandscapeType>
		<LandscapeType>None</LandscapeType>
		<LandscapeType>None</LandscapeType>
		<LandscapeType>None</LandscapeType>
		<LandscapeType>Water</LandscapeType>
		<LandscapeType>Water</LandscapeType>
		<LandscapeType>Water</LandscapeType>
		<LandscapeType>None</LandscapeType>
		<LandscapeType>None</LandscapeType>
		<LandscapeType>None</LandscapeType>
		<LandscapeType>None</LandscapeType>
		<LandscapeType>None</LandscapeType>
		<LandscapeType>None</LandscapeType>
		<LandscapeType>None</LandscapeType>
		<LandscapeType>Concrete</LandscapeType>
		<LandscapeType>None</LandscapeType>
		<LandscapeType>None</LandscapeType>
		<LandscapeType>None</LandscapeType>
		<LandscapeType>None</LandscapeType>
		<LandscapeType>None</LandscapeType>
		<LandscapeType>Water</LandscapeType>
		<LandscapeType>Water</LandscapeType>
		<LandscapeType>Water</LandscapeType>
		<LandscapeType>None</LandscapeType>
		<LandscapeType>None</LandscapeType>
		<LandscapeType>None</LandscapeType>
		<LandscapeType>None</LandscapeType>
		<LandscapeType>None</LandscapeType>
		<LandscapeType>None</LandscapeType>
		<LandscapeType>None</LandscapeType>
		<LandscapeType>Concrete</LandscapeType>
		<LandscapeType>None</LandscapeType>
		<LandscapeType>None</LandscapeType>
	</Collection>
</LandscapeTypeCollection>
